Windows PowerShell
Copyright (C) Microsoft Corporation. All rights reserved.

Install the latest PowerShell for new features and improvements! https://aka.ms/PSWindows

PS C:\Users\Dell> docker verison
docker: unknown command: docker verison

Run 'docker --help' for more information
PS C:\Users\Dell> docker version
Client:
 Version:           28.3.3
 API version:       1.51
 Go version:        go1.24.5
 Git commit:        980b856
 Built:             Fri Jul 25 11:36:03 2025
 OS/Arch:           windows/amd64
 Context:           desktop-linux

Server: Docker Desktop 4.45.0 (203075)
 Engine:
  Version:          28.3.3
  API version:      1.51 (minimum version 1.24)
  Go version:       go1.24.5
  Git commit:       bea959c
  Built:            Fri Jul 25 11:34:00 2025
  OS/Arch:          linux/amd64
  Experimental:     false
 containerd:
  Version:          1.7.27
  GitCommit:        05044ec0a9a75232cad458027ca83437aae3f4da
 runc:
  Version:          1.2.5
  GitCommit:        v1.2.5-0-g59923ef
 docker-init:
  Version:          0.19.0
  GitCommit:        de40ad0
PS C:\Users\Dell> docker info
Client:
 Version:    28.3.3
 Context:    desktop-linux
 Debug Mode: false
 Plugins:
  ai: Docker AI Agent - Ask Gordon (Docker Inc.)
    Version:  v1.9.11
    Path:     C:\Program Files\Docker\cli-plugins\docker-ai.exe
  buildx: Docker Buildx (Docker Inc.)
    Version:  v0.27.0-desktop.1
    Path:     C:\Program Files\Docker\cli-plugins\docker-buildx.exe
  cloud: Docker Cloud (Docker Inc.)
    Version:  v0.4.21
    Path:     C:\Program Files\Docker\cli-plugins\docker-cloud.exe
  compose: Docker Compose (Docker Inc.)
    Version:  v2.39.2-desktop.1
    Path:     C:\Program Files\Docker\cli-plugins\docker-compose.exe
  debug: Get a shell into any image or container (Docker Inc.)
    Version:  0.0.42
    Path:     C:\Program Files\Docker\cli-plugins\docker-debug.exe
  desktop: Docker Desktop commands (Docker Inc.)
    Version:  v0.2.0
    Path:     C:\Program Files\Docker\cli-plugins\docker-desktop.exe
  extension: Manages Docker extensions (Docker Inc.)
    Version:  v0.2.31
    Path:     C:\Program Files\Docker\cli-plugins\docker-extension.exe
  init: Creates Docker-related starter files for your project (Docker Inc.)
    Version:  v1.4.0
    Path:     C:\Program Files\Docker\cli-plugins\docker-init.exe
  mcp: Docker MCP Plugin (Docker Inc.)
    Version:  v0.16.0
    Path:     C:\Users\Dell\.docker\cli-plugins\docker-mcp.exe
  model: Docker Model Runner (EXPERIMENTAL) (Docker Inc.)
    Version:  v0.1.39
    Path:     C:\Program Files\Docker\cli-plugins\docker-model.exe
  sbom: View the packaged-based Software Bill Of Materials (SBOM) for an image (Anchore Inc.)
    Version:  0.6.0
    Path:     C:\Program Files\Docker\cli-plugins\docker-sbom.exe
  scout: Docker Scout (Docker Inc.)
    Version:  v1.18.3
    Path:     C:\Program Files\Docker\cli-plugins\docker-scout.exe

Server:
 Containers: 24
  Running: 1
  Paused: 0
  Stopped: 23
 Images: 35
 Server Version: 28.3.3
 Storage Driver: overlayfs
  driver-type: io.containerd.snapshotter.v1
 Logging Driver: json-file
 Cgroup Driver: cgroupfs
 Cgroup Version: 2
 Plugins:
  Volume: local
  Network: bridge host ipvlan macvlan null overlay
  Log: awslogs fluentd gcplogs gelf journald json-file local splunk syslog
 CDI spec directories:
  /etc/cdi
  /var/run/cdi
 Discovered Devices:
  cdi: docker.com/gpu=webgpu
 Swarm: inactive
 Runtimes: io.containerd.runc.v2 nvidia runc
 Default Runtime: runc
 Init Binary: docker-init
 containerd version: 05044ec0a9a75232cad458027ca83437aae3f4da
 runc version: v1.2.5-0-g59923ef
 init version: de40ad0
 Security Options:
  seccomp
   Profile: builtin
  cgroupns
 Kernel Version: 6.6.87.2-microsoft-standard-WSL2
 Operating System: Docker Desktop
 OSType: linux
 Architecture: x86_64
 CPUs: 12
 Total Memory: 7.603GiB
 Name: docker-desktop
 ID: 525f8fa6-33f2-438b-ac96-28e6f6a9f125
 Docker Root Dir: /var/lib/docker
 Debug Mode: false
 HTTP Proxy: http.docker.internal:3128
 HTTPS Proxy: http.docker.internal:3128
 No Proxy: hubproxy.docker.internal
 Labels:
  com.docker.desktop.address=npipe://\\.\pipe\docker_cli
 Experimental: false
 Insecure Registries:
  hubproxy.docker.internal:5555
  ::1/128
  127.0.0.0/8
 Live Restore Enabled: false

PS C:\Users\Dell> minikube profile list
┌──────────┬────────┬─────────┬──────────────┬─────────┬────────┬───────┬────────────────┬────────────────────┐
│ PROFILE  │ DRIVER │ RUNTIME │      IP      │ VERSION │ STATUS │ NODES │ ACTIVE PROFILE │ ACTIVE KUBECONTEXT │
├──────────┼────────┼─────────┼──────────────┼─────────┼────────┼───────┼────────────────┼────────────────────┤
│ minikube │ docker │ docker  │ 192.168.49.2 │ v1.34.0 │ OK     │ 1     │ *              │ *                  │
└──────────┴────────┴─────────┴──────────────┴─────────┴────────┴───────┴────────────────┴────────────────────┘
PS C:\Users\Dell> minikube docker-env --shell powershell | Invoke-Expression
false : The term 'false' is not recognized as the name of a cmdlet, function, script file, or operable program. Check
the spelling of the name, or if a path was included, verify that the path is correct and try again.
At line:1 char:1
+ false exit code 83
+ ~~~~~
    + CategoryInfo          : ObjectNotFound: (false:String) [], CommandNotFoundException
    + FullyQualifiedErrorId : CommandNotFoundException

PS C:\Users\Dell> minikube status
minikube
type: Control Plane
host: Stopped
kubelet: Stopped
apiserver: Stopped
kubeconfig: Stopped

PS C:\Users\Dell> minikube start --driver=docker
* minikube v1.37.0 on Microsoft Windows 11 Home Single Language 10.0.26200.7462 Build 26200.7462
* Using the docker driver based on existing profile
* Starting "minikube" primary control-plane node in "minikube" cluster
* Pulling base image v0.0.48 ...
* Restarting existing docker container for "minikube" ...
! Failing to connect to https://registry.k8s.io/ from inside the minikube container
* To pull new external images, you may need to configure a proxy: https://minikube.sigs.k8s.io/docs/reference/networking/proxy/
* Preparing Kubernetes v1.34.0 on Docker 28.4.0 ...
* Verifying Kubernetes components...
  - Using image docker.io/kubernetesui/dashboard:v2.7.0
  - Using image docker.io/kubernetesui/metrics-scraper:v1.0.8
  - Using image gcr.io/k8s-minikube/storage-provisioner:v5
* Some dashboard features require the metrics-server addon. To enable all features please run:

        minikube addons enable metrics-server

* Enabled addons: storage-provisioner, dashboard, default-storageclass

! C:\Program Files\Docker\Docker\resources\bin\kubectl.exe is version 1.32.2, which may have incompatibilities with Kubernetes 1.34.0.
  - Want kubectl v1.34.0? Try 'minikube kubectl -- get pods -A'
* Done! kubectl is now configured to use "minikube" cluster and "default" namespace by default
PS C:\Users\Dell> minikube docker-env --shell powershell | Out-String | Invoke-Expression
PS C:\Users\Dell> docker info | Select-String Name

 Name: minikube


PS C:\Users\Dell>